Loading site data… done
Compiling site…

Site compiled in 1.15s.
